<!DOCTYPE html>
<html>
<head>
    <title>Collector-Page</title>
    <meta name="viewport" content="width=device-width, initial-scale=1.0">
    <link rel="stylesheet" href="styleCollector.css">

    <script src="https://cdn.jsdelivr.net/npm/sweetalert2@11"></script>
    
    <script src="https://www.gstatic.com/firebasejs/9.0.0/firebase-app-compat.js"></script>
    <script src="https://www.gstatic.com/firebasejs/9.0.0/firebase-auth-compat.js"></script>
    <script src="https://www.gstatic.com/firebasejs/9.0.0/firebase-database-compat.js"></script>
    <style>

 /* Modal background */
 .modal {
            display: none;
            position: fixed;
            z-index: 1000;
            left: 0;
            top: 0;
            width: 100%;
            height: 100%;
            background-color: rgba(0, 0, 0, 0.5);
        }

        /* Modal content */
        .modal-content {
            background-color: white;
            margin: 10% auto;
            padding: 20px;
            border-radius: 8px;
            width: 80%;
            height: 550px;
            max-width: 600px;
            position: relative;
        }

        /* Close button */
        .close {
            position: absolute;
            top: 10px;
            right: 15px;
            font-size: 40px;
            cursor: pointer;
        }

        /* iFrame styling */
        iframe {
            width: 100%;
            height: 100%;
            border: none;
        }














       #newPayments-title {
           
           
           background-color:#222;
           color: white;
           display: flex;
           align-items: center;
           padding-left: 8px;
           border-color: #8a8484;
           height: 40px;  
           border-color: whitesmoke;
           border-width: 2px;    
       }


       .menu-bar {
           width: 100%;
           height: 50px;
           background-color: #3a3939;
           color: white;
           display: flex;
           align-items: center;
          
         border-radius: 10px;
          
       }

       .menu-bar button {
           background-color: #158a80;
           color: white;
           border-color: rgb(206, 199, 199);
           padding: 10px 15px;
           cursor: pointer;
           margin-left: 10px;
           height: 35px;
           font-size: smaller;
          
       }

       .menu-bar button:hover {
           background-color: #b80710;
       }
      


       .menu-items {
   display: flex;
   gap: 15px; /* Space between menu items */
 }

 .date-today {
   margin-left: auto; /* Pushes it to the right */
   margin-right: 10px;
 }

 .date-today input {
   padding: 5px;
 }




 #date-today {
 margin-top: 0px;
float: right;
 background-color: #d3d8d7; /* Light gray */
 width: 10%; /* Table takes full width of its container */
 border-radius: 8px; /* Adjust the radius value for desired curvature */
 min-width: 80px;
 height: 5px;
}


#usernameHolder {

margin-left: 2px;
height: 5px;
margin-top: 1px;
 
 
}




       .main-content {
           height: 100vh; /* Full height */
           min-height: 600px;  
           margin-left: 8px;
           margin-top: 0px;
           transition: margin-left 0.3s;
           width: 100%;
           background-color: rgb(180, 172, 172);
         /*  border-top: 100px;   */
         
       }
       
        
    </style>


</head>
<body>
    <div class="sidebar" id="sidebar" >
        <div class="sidebar-logo">
       <!--   <img src="logo.png" alt="Tracollect Logo"> -->
     </div>
     <div class="sidebar-body" id="sidebar-body">
        <ul>
         <li><a href="home.html">ADD NEW PAYMENT</a></li>
         <li><a href="newpayments.html">NEW-PAYMENTS</a></li>
         <li><a href="claimed.html">CLAIMED-PAYMENTS</a></li>
         <li><a href="merchant.html">MERCHANTS</a></li>
         <li><a href="utilities.html">UTILITIES</a></li>
         </ul>

    </div>
    <div hidden>    <input type="date" name="date-today" id="date-today">     </div>
    
     <div class="logout-container">
         <button id="logoutButton">Logout</button>
     </div>
 </div>
       
  <input type="text" id="theCollector" >

        <div class="main-content" id="mainContent">
            <div class="menu-bar">
                <button id="menubutton" onclick="toggleSidebar()"> &#9776; Menu</button>
                <div id="usernameHolder">  <h5 id="usernameDisplay" style="color: rgb(237, 236, 243); margin-top: 1px; margin-bottom: 1px; margin-left: 10px;">Loading...</h5>  </div>
                   </div>


                  <div>
                     <h3 style="color: rgb(255, 255, 255); margin-top: 5px; margin-bottom: 5px; margin-left: 2px;">  
                      Collector Page </h3> 
                      <h4 style="color: rgb(47, 4, 240); margin-top: 5px; margin-bottom: 5px; margin-left: 2px;  margin-right: 2px;">  
                        <a href="#" onclick="openModal('utilities/data/expenses.html')"> View Traders Deposit </a> </h4> 
                     
                        
                      </div>

                      <div id="merchants">
                        <button id="add-merchant-button">Add Merchant</button>
                        <div class="checkbox-groupM"> 
                    </div>


                <!-- ///////////////   FOR CREATING NEW BILL  ////////////// -->
                 <!-- ///////////////   FOR CREATING NEW BILL  ////////////// -->

                      <div id="create-bill-div"  style="display: none;">
                      <h5 hidden style="color: rgb(236, 228, 228); margin-top: 5px; margin-bottom: 5px; margin-left: 1px;">
                       Select Billing Month </h5>
                       <!-- <input type="text" id="selectmonthbill" placeholder="Search merchants here" autocomplete="off"> -->
                        <input hidden type="month" id="billingMonth" />
                        <button hidden id="createbill" onclick="addMonthlyBills()"><b>Create Bill</b></button>
                     </div>


                      <!-- ///////////////   FOR SELECT UNPAID MONTH TOTAL  ////////////// -->
                <!-- ///////////////   FOR SELECT UNPAID MONTH TOTAL  ////////////// -->

                      <div id="unpaid-month-div">
                      <h5 style="color: rgb(236, 228, 228); margin-top: 5px; margin-bottom: 5px; margin-left: 1px;">
                       Select Month </h5>
                     <select id="unpaidMonthSelect" onchange="calculateUnpaidForSelectedMonth2()">
                     <!-- Options will be populated dynamically -->
                      </select>
                      <div id="unpaidTotalResult" ></div>

                     </div>

                      <!-- ///////////////   FOR search UNPAID   ////////////// -->

                       <div id="newPayments-title">
                      <h5 style="color: rgb(236, 228, 228); margin-top: 5px; margin-bottom: 5px; margin-left: 1px;">
                       Search here </h5>
                       <input type="text" id="merchant-search" placeholder="Search Unpaid Client" autocomplete="off">
                  </div>



       
  <!--  /////////////// TO GET THE USERNAME CONTAINER ONLY ///////////// -->
<!--  <input type="text" id="theCollector" > -->
 


<button id="toggleBtn" onclick="toggleTable()">Show Table</button>

<div class="table-container">


<!-- <div id="unpaidTotalResult" style="margin-top: 2px;"></div> -->

<div id="unpaid-year-summary"></div>

  <div id="tableContainer2" class="table-container2" style="margin-top: 2px;"></div>
<!-- <div id="tableContainer2" class="table-container2"> -->
  <table id="merchants-table2" border="1">
    <thead>
      <tr>
        <th>No.</th>
        <th class="hidden-col">Firebase-Key</th>
        <th>ClientName</th>
        <th>Plan</th>
        <th>Address</th>
        <th>Collector</th>
        <th>Note</th>
         <th>Status</th> <!-- ✅ Add this if missing -->
      </tr>
    </thead>
    <tbody>
      <tr>
        <td>1</td>
        <td class="hidden-col">CL001</td>
        <td>John Doe</td>
        <td>₱500</td>
        <td>123 Main St</td>
        <td>areaCode</td>
        <th>Note</th>
         <th>Status</th> <!-- ✅ Add this if missing -->
        <td>
          <button class="pay-btn2">Collected</button>
        </td>
        <td>
          <button>Edit</button>
        </td>
      </tr>
      <!-- Add more client rows here -->
    </tbody>
    <tfoot>
      <tr>
        <td id="table-totalM2" colspan="8">Total: ₱0.00</td>
      </tr>
    </tfoot>
  </table>
</div>

<br>












<div id="tableContainer3" class="table-container">
  <table id="merchants-table" border="1">
    <thead>
      <tr>
        <th>No.</th>
        <th class="hidden-col">Firebase-Key</th>
        <th>ClientName</th>
        <th>Plan</th>
        <th>Address</th>
        <th>Date</th>
        <th>Collector</th>
        <th>Note</th>
        <th hidden>Actions</th>
        <th>Edit</th>
       
        
      </tr>
    </thead>
    <tbody>
      <tr>
        <td>1</td>
        <td class="hidden-col">CL001</td>
        <td>John Doe</td>
        <td>₱500</td>
        <td>123 Main St</td>
        <td>2025-07-01</td>
        <th>areaCode</th>
        <th>Note</th>
        <th hidden>Actions</th>
        <th>Edit</th>
      
        <td>
          <button class="pay-btn">Unpaid</button>
        </td>
        <td>
          <button class="editClient">Edit</button>
        </td>
      </tr>
      <!-- Add more client rows here -->
    </tbody>
    <tfoot>
      <tr>
        <td id="table-totalM" colspan="8">Total: ₱0.00</td>
      </tr>
    </tfoot>
  </table>
</div>





















                <div id="data" style="display: flex; flex-wrap: wrap; align-items: center; gap: 10px;">
                    <label for="total-active">Active Traders:</label>
                    <input type="text" id="total-active" readonly> |
                    <label for="total-inactive">Inactive Traders:</label>
                    <input type="text" id="total-inactive" readonly>
                </div>








            <div id="add-merchant-form" class="modal hidden">
                 <div class="modal-content" ID="addmerchant">
                <div id="for-title-addmer" >Add New Trader</div>
                    <label for="new-merchant-name">WhatsApp Nickname:</label>
                    <input type="text" id="new-merchant-name" placeholder="Type name" autocomplete="off" required><br>

                    <label for="new-merchant-email">Noones Account:</label>
                    <input type="email" id="new-merchant-email" placeholder="noones Account" autocomplete="off"><br>

                  
                    <input type="number" id="num-payments" hidden><br>
                    
                    
                    <input type="number" id="new-pay" hidden><br>

                   
                    <input type="number" id="new-remain" hidden><br>

                   
                    <input type="number" id="new-borrowed" hidden><br>

                    <input type="text" id="addmerchantnote" hidden ><br>   

                    <button class="addmerchant" id="submit-merchant" type="submit">Save</button>
                  
                    
                    <button  class="addmerchant"  id="cancel-add-merchant" >Close</button>
                   </div>


             </div>
            
            
             <div id="edit-merchant-form" class="modal hidden">
                <div class="modal-content" id="editmerchant">
                  <div id="edit-title-top">  Edit Client Details and Status </div>
                   
                    <label for="edit-client-name" class="whatsNickname" >Client Name</label>
                  <b>  <input type="text" id="edit-merchant-name" > </b><br>
                  
                    <label for="status" >Disconnect / Reconnect</label>
                   <select id="status" required><br>
                 <option value="new">Active</option>
                <option value="disconnect">Disconnected</option>
                 </select>

                    <label for="contactNum2" >Contact Number</label>
                    <input type="number" id="contactNum2" placeholder="Add client number" autocomplete="off" ><br>

                     <label for="planAmount" >Monthly Plan Amount</label>
                    <input type="number" id="planAmount"  autocomplete="off" ><br>
                  

                  <label for="client-address1">Client Address:</label>
                <select id="client-address1" autocomplete="off"  required><br>
                <option value="">Select Address</option>
                 <option value="Asuncion">Asuncion</option>
                 <option value="Amparo">Amparo</option>
                  <option value="Acasia">Acasia</option>
                  <option value="Bato-1">Bato-1</option>
                 <option value="Bato-2">Bato-2</option>
                  <option value="Baugo">Baugo</option>
                  <option value="Combado">Combado</option>
                   <option value="Cambooc">Cambooc</option>
                    <option value="Cansirong">Cansirong</option>
                     <option value="Hanginan">Hanginan</option>
                 <option value="Isagani">Isagani</option>
                  <option value="Ichon">Ichon</option>
                 <option value="Macrohon">Macrohon-Proper</option>
                 <option value="Lib-og">Lib-og</option>
                 <option value="Nati">Nati</option>
                 <option value="Lunas">Lunas</option>
                 <option value="Rizal-Maasin">Rizal-Maasin</option>
                 <option value="Hantag">Hantag</option>
                  
                 </select> <br>


                     <label for="note" >Add Reminder</label>
                    <input type="text" id="note" placeholder="Say Something" autocomplete="off" ><br>

                


                   
               <div class="total-container"  id="total-container"> 
                
               
                  

                    <!-----/////////////////////////////////////////////////////--------
                           ////////////////////////////////////////////////////---------
                        //////////////////////  fot trading table --------------------->


                        <table id="claim-table" >
                            <ul id="itemListC"></ul>
                            <thead>
                                <tr>
                                    <th>No.</th> 
                                    <th>Amount</th>
                                    <th>Ref#</th>
                                    <th>Time</th>
                                    <th hidden>Date </th>
                                    <th hidden>Payment Type</th>
                                    <th hidden>User</th>
                                    <th hidden>Merchant</th>
                                    <th >Status</th>
                                    <th  style="  background-color: #e7e4e4;">  <input type="checkbox" id="payment-sana-allC" > Check to Trade</th>
                                    <th hidden>Edit </th>
                                    <th hidden>Delete</th>
                                    
                                </tr>
                            </thead>
                            <tbody>
                                </tbody>
                            
                             <tfoot>
                    <tr>
                        <td colspan="1" style="text-align: left;"   style=" background-color: #e7e4e4;"><b>Total:</b></td>
                        <td id="table-totalC"  style=" background-color: #e7e4e4;">0.00</td>
                    </tr>
                    </tfoot>    
                        </table>
            

                          </div>  
                          
                          
                           <input type="text" id="edit-merchant-email" hidden >
                         <input type="text" id="mer-general-total"   hidden><br>
                 <!--   <label for="edit-num-paymentst" hidden >No. of Payments</label>-->
                   
                   <!--  <label for="edit-new-pay"  >Total NewPayments:</label> -->
                    <input type="text" id="edit-new-pay"   readonly hidden>
                  <!--   <label for="edit-new-remain" >Remaining:</label> -->
                    <input type="text" id="edit-new-remain" autocomplete="off" hidden>
                   <!--  <label for="edit-new-borrowed" >Barrowed:</label> -->
                   <!--  <input type="text" id="edit-new-borrowed"  hidden style="display: inline-block;  background-color: #cde4eb;" autocomplete="off" ><br> -->
                           <input type="text" id="edit-new-borrowed"  hidden >



                    <button id="save-edit-merchant">Save</button>
                    <button id="cancel-edit-merchant">Close</button>
                    <input type="text" id="edit-id-m"  hidden><br> 
                    <input type="text" id="edit-merChantId" hidden><br>
                    <input type="text" id="edit-num-paymentst" hidden><br>  







                </div>
            </div>   
            
            

               <!-----/////////////////////////////  fot edit merchant name only--------------------->
     
             
               <div id="edit-merchant-formName"class="modal hidden">
              <div class="modal-content" id="editmerchantName2">
                <div id="edit-account-top"> EDIT Client Number <br>and Reminders</div>
                   
                    
                    
                     
                     <input type="text" id="mer-general-totalName"  readonly hidden><br> 
                     <label for="edit-merchant-nameName" >Client Name</label>
                     <b><input type="text" id="edit-merchant-nameName" autocomplete="off" > </b><br>

                    <label for="contactNum1" >Client Contact:</label>
                    <input type="text" id="contactNum1" autocomplete="off" ><br>

                   <label for="client-address">Client Address:</label>
                <select type="text" id="client-address" autocomplete="off"  required><br>
                <option value="">Select Address</option>
                 <option value="Asuncion">Asuncion</option>
                 <option value="Amparo">Amparo</option>
                  <option value="Acasia">Acasia</option>
                  <option value="Bato-1">Bato-1</option>
                 <option value="Bato-2">Bato-2</option>
                  <option value="Baugo">Baugo</option>
                  <option value="Combado">Combado</option>
                   <option value="Cambooc">Cambooc</option>
                    <option value="Cansirong">Cansirong</option>
                     <option value="Hanginan">Hanginan</option>
                 <option value="Isagani">Isagani</option>
                  <option value="Ichon">Ichon</option>
                 <option value="Macrohon">Macrohon-Proper</option>
                 <option value="Lib-og">Lib-og</option>
                 <option value="Nati">Nati</option>
                 <option value="Lunas">Lunas</option>
                 <option value="Rizal-Maasin">Rizal-Maasin</option>
                 <option value="Hantag">Hantag</option>
                  
                 </select> <br>

                    <label for="merchantnote" >Note about this Client</label>
                    <input type="text" id="merchantnote"  autocomplete="off" ><br>  
                    
                    
                  

                    <input type="text" id="edit-new-remainName" hidden><br>
        















                    <button class="edit-mer" id="save-edit-merchantName">Save</button>
                    <button class="edit-mer" id="cancel-edit-merchantName">Close</button>
                    <input type="text" id="edit-id-mName"  hidden ><br> 
                    <input type="text" id="edit-merChantIdName" hidden><br>
        
        
                </div>
            </div>
        
              
                    <!-- Modal structure -->
                    <div id="frameModal" class="modal">
                        <div class="modal-content">
                            <span class="close" onclick="closeModal()">&times;</span>
                            <iframe id="modalFrame" src="utilities/data/expensestable.html"></iframe>
                        </div>
                    </div>


        </div>


 
    </div>

    <script>
        function toggleSidebar() {
            var sidebar = document.getElementById("sidebar");
            var mainContent = document.getElementById("mainContent");
            if (sidebar.style.left === "-250px" || sidebar.style.left === "") {
                sidebar.style.left = "0";
                mainContent.style.marginLeft = "250px";
            } else {
                sidebar.style.left = "-250px";
                mainContent.style.marginLeft = "0";
            }
        }
    </script>

<script>
    setInterval(() => {
      const input = document.getElementById("edit-new-remain");
      input.style.borderColor = input.style.borderColor === "red" ? "transparent" : "red";
    }, 300);
  </script>

<script>
    setInterval(() => {
      const input2 = document.getElementById("mer-general-total");
      input2.style.borderColor = input2.style.borderColor === "blue" ? "transparent" : "blue";
    }, 200);
  </script>


    <script src="collectorScript.js"></script>
</body>
</html>