<!DOCTYPE html>
<html lang="en">
<head>
  <meta charset="UTF-8">
  <title>Scan Image Details</title>
  <script src="https://cdn.jsdelivr.net/npm/tesseract.js@4.0.2/dist/tesseract.min.js"></script>
  <style>
    body {
      font-family: Arial, sans-serif;
      padding: 20px;
    }
    input, button {
      margin-bottom: 10px;
      padding: 8px;
      width: 100%;
      max-width: 300px;
    }
    video, canvas {
      margin-bottom: 10px;
    }
  </style>
</head>
<body>

  <h2>üì∑ Camera Scanner</h2>

  <video id="video" width="320" height="240" autoplay></video><br>
  <button onclick="captureImage()">üì∏ Take Photo</button><br>
  <canvas id="canvas" width="320" height="240" style="display: none;"></canvas>
  <button onclick="scanCapturedImage()">üîç Scan Captured Image</button>

  <hr>

  <div id="newPaymentForm" class="container">
    <h3>Payment Details</h3>

    <label>Amount:</label>
    <input type="text" id="amount" placeholder="Enter amount" required>

    <label>Reference Number:</label>
    <input type="text" id="expensesName" placeholder="Enter reference number" required>

    <label>Date:</label>
    <input type="date" id="referenceNumber" required>

    <button onclick="saveExpenses()">Save Expenses</button>
  </div>



<script>
    
    // Start camera stream
    const video = document.getElementById('video');

navigator.mediaDevices.getUserMedia({
    video: { facingMode: { exact: "environment" } },
    audio: false
  })
  .then((stream) => {
    video.srcObject = stream;
  })
  .catch((err) => {
    console.error("Error accessing back camera:", err);
    alert("Could not access back camera. Using default camera instead.");

    // Fallback to any camera
    navigator.mediaDevices.getUserMedia({ video: true, audio: false })
      .then((fallbackStream) => {
        video.srcObject = fallbackStream;
      });
  });



  
    navigator.mediaDevices.getUserMedia({ video: true })
      .then(stream => video.srcObject = stream)
      .catch(err => console.error("Camera error:", err));

    function captureImage() {
      const canvas = document.getElementById('canvas');
      const context = canvas.getContext('2d');
      context.drawImage(video, 0, 0, canvas.width, canvas.height);
      alert("‚úÖ Photo captured! Now click 'Scan Captured Image'.");
    }

    async function scanCapturedImage() {
      const canvas = document.getElementById('canvas');
      const image = canvas.toDataURL('image/png');

      const { data: { text } } = await Tesseract.recognize(
        image,
        'eng',
        { logger: m => console.log(m) }
      );

      console.log("üßæ OCR Text:\n", text);

      // Extract amount (e.g. ‚Ç±1,234.56 or 1234.56)
      const amountMatch = text.match(/(?:‚Ç±|\bPHP)?\s?(\d{1,3}(?:,\d{3})*(?:\.\d{2})?)/i);
      if (amountMatch) {
        const cleanedAmount = amountMatch[1].replace(/,/g, '');
        document.getElementById("amount").value = cleanedAmount;
      }

      // Extract reference number (10-15 digit number)
      const refMatch = text.match(/\b\d{10,15}\b/);
      if (refMatch) {
        document.getElementById("expensesName").value = refMatch[0];
      }

      // Optional: auto-detect date
      const dateMatch = text.match(/\b(\d{2}[\/\-]\d{2}[\/\-]\d{4})\b/);
      if (dateMatch) {
        const parts = dateMatch[0].split(/[\/\-]/);
        const yyyy = parts[2];
        const mm = parts[0].padStart(2, '0');
        const dd = parts[1].padStart(2, '0');
        document.getElementById("referenceNumber").value = `${yyyy}-${mm}-${dd}`;
      }
    }

    function saveExpenses() {
      const amount = document.getElementById("amount").value;
      const referenceNumber = document.getElementById("expensesName").value;
      const date = document.getElementById("referenceNumber").value;

      console.log("üíæ Saving:", { amount, referenceNumber, date });
      alert("Expenses saved (check console for details)");
    }
  </script>

</body>
</html>
